extra-cmake-modules
kf6-karchive
kf6-kcoreaddons
kf6-ki18n
kf6-kdoctools
kf6-kconfig
kf6-kguiaddons
kf6-kcolorscheme
kf6-kwidgetsaddons
kf6-breeze-icons
kf6-kiconthemes
kf6-knotifications
kf6-frameworkintegration
kf6-kservice
kf6-solid
kf6-kbookmarks
kf6-kcodecs
kf6-kcompletion
kf6-kitemviews
kf6-kirigami
kf6-kcrash
kf6-kjobwidgets
kf6-kwindowsystem
kf6-kauth
kf6-kdbusaddons
kf6-kded
kf6-kwallet
kf6-kio
kf6-kconfigwidgets
kf6-sonnet
kf6-ktextwidgets
kf6-kglobalaccel
kf6-kxmlgui
kf6-kparts
kf6-attica
kf6-kpackage
kf6-syndication
kf6-knewstuff
kf6-knotifyconfig
kf6-kpty
kf6-kfilemetadata
kf6-syntax-highlighting
kf6-ktexteditor
kf6-kuserfeedback
kf6-kidletime
kf6-baloo
kf6-kdeclarative
kf6-kcmutils
kf6-ksvg
kf6-kitemmodels
kf6-prison
kf6-threadweaver
kf6-krunner
kf6-kstatusnotifieritem
kf6-kunitconversion
kf6-networkmanager-qt
kf6-kquickcharts
kf6-kholidays
kf6-qqc2-desktop-style
kf6-purpose
kf6-modemmanager-qt
kf6-kdnssd
kf6-bluez-qt
kf6-kimageformats
kf6-kcalendarcore
kf6-kcontacts
kf6-kdav
kf6-kdesu
kf6-ktexttemplate
kf6-kpeople
kf6-kmime
